Watching for file changes with StatReloader
MPESA RAW CALLBACK: {"Body":{"stkCallback":{"MerchantRequestID":"a260-4f92-81ff-d3b0ce0ca6a224362","CheckoutRequestID":"ws_CO_26022026221614784728627678","ResultCode":1037,"ResultDesc":"No response from user."}}}
Not Found: /detail/{% static 'img/product/details/thumb-2.jpg
Not Found: /detail/{% static 'img/product/details/thumb-1.jpg
Not Found: /detail/{% static 'img/product/details/thumb-3.jpg
Not Found: /detail/{% static 'img/product/details/thumb-2.jpg
Not Found: /detail/{% static 'img/product/details/thumb-1.jpg
Not Found: /detail/{% static 'img/product/details/thumb-3.jpg
Not Found: /{% static 'img/product/details/thumb-1.jpg
Not Found: /{% static 'img/product/details/thumb-2.jpg
Not Found: /{% static 'img/product/details/thumb-3.jpg
Not Found: /{% static 'img/product/details/thumb-2.jpg
Not Found: /{% static 'img/product/details/thumb-3.jpg
Not Found: /{% static 'img/product/details/thumb-1.jpg
Not Found: /detail/{% static 'img/product/details/thumb-2.jpg
Not Found: /detail/{% static 'img/product/details/thumb-1.jpg
Not Found: /detail/{% static 'img/product/details/thumb-3.jpg
Not Found: /detail/{% static 'img/product/details/thumb-1.jpg
Not Found: /detail/{% static 'img/product/details/thumb-2.jpg
Not Found: /detail/{% static 'img/product/details/thumb-3.jpg
Not Found: /{% static 'img/product/details/thumb-1.jpg
Not Found: /{% static 'img/product/details/thumb-2.jpg
Not Found: /{% static 'img/product/details/thumb-3.jpg
Not Found: /{% static 'img/product/details/thumb-1.jpg
Not Found: /{% static 'img/product/details/thumb-3.jpg
Not Found: /{% static 'img/product/details/thumb-2.jpg
Not Found: /{% static 'img/product/details/thumb-1.jpg
Not Found: /{% static 'img/product/details/thumb-2.jpg
Not Found: /{% static 'img/product/details/thumb-3.jpg
Not Found: /{% static 'img/product/details/thumb-3.jpg
Not Found: /{% static 'img/product/details/thumb-1.jpg
Not Found: /{% static 'img/product/details/thumb-2.jpg
MPESA RAW CALLBACK: {"Body":{"stkCallback":{"MerchantRequestID":"b0e0-4bb2-85e7-8d14c215a22b7523","CheckoutRequestID":"ws_CO_26022026222031391728627678","ResultCode":0,"ResultDesc":"The service request is processed successfully.","CallbackMetadata":{"Item":[{"Name":"Amount","Value":1},{"Name":"MpesaReceiptNumber","Value":"UBQBS7T0R6"},{"Name":"Balance"},{"Name":"TransactionDate","Value":20260226222054},{"Name":"PhoneNumber","Value":254728627678}]}}}}
C:\Users\mbugu\OneDrive\Desktop\Django Project 2026\appwork\demoapp\mpesa.py changed, reloading.
Watching for file changes with StatReloader
